// Jest Snapshot v1, https://goo.gl/fbAQLP

exports[`gatsby-transformer-sqip generateSqip cached 1`] = `
Object {
  "metadata": Object {
    "anyOther": "metadata-value",
    "dataURI": "data:image/svg+xml,dataURI",
  },
  "svg": "<svg><!-- Cached SVG --></svg>",
}
`;

exports[`gatsby-transformer-sqip generateSqip not cached 1`] = `
Object {
  "dataURI": "data:image/svg+xml,dataURI",
  "metadata": Object {},
  "svg": "<svg><!-- Mocked SQIP SVG --></svg>",
}
`;

exports[`gatsby-transformer-sqip generateSqip not cached 2`] = `
Object {
  "plugins": Array [
    Object {
      "name": "sqip-plugin-primitive",
      "options": Object {
        "mode": 3,
        "numberOfPrimitives": 5,
      },
    },
    "sqip-plugin-data-uri",
    "sqip-plugin-svgo",
  ],
}
`;
